

HI-TECH Software PIC LITE Macro Assembler V9.82 build 9453 
                                                                                               Sun Nov 12 17:06:25 2017

HI-TECH Software Omniscient Code Generator (Lite mode) build 9453
     1  0000                     opt subtitle "HI-TECH Software Omniscient Code Generator (Lite mode) build 9453"
     2                           
     3                           opt pagewidth 120
     4                           
     5                           	opt lm
     6                           
     7                           	processor	16F877
     8                           clrc	macro
     9                           	bcf	3,0
    10  0000                     	endm
    11                           clrz	macro
    12                           	bcf	3,2
    13  0000                     	endm
    14                           setc	macro
    15                           	bsf	3,0
    16  0000                     	endm
    17                           setz	macro
    18                           	bsf	3,2
    19  0000                     	endm
    20                           skipc	macro
    21                           	btfss	3,0
    22  0000                     	endm
    23                           skipz	macro
    24                           	btfss	3,2
    25  0000                     	endm
    26                           skipnc	macro
    27                           	btfsc	3,0
    28  0000                     	endm
    29                           skipnz	macro
    30                           	btfsc	3,2
    31  0000                     	endm
    32  0000                     indf	equ	0
    33  0000                     indf0	equ	0
    34  0002                     pc	equ	2
    35  0002                     pcl	equ	2
    36  0003                     status	equ	3
    37  0004                     fsr	equ	4
    38  0004                     fsr0	equ	4
    39  0001                     c	equ	1
    40  0000                     z	equ	0
    41  000A                     pclath	equ	10
    42                           	FNCALL	_main,_BooleanFlagsControl
    43                           	FNCALL	_main,_Param6
    44                           	FNCALL	_main,_Param11
    45                           	FNCALL	_main,_Param21
    46                           	FNCALL	_Param11,_ButtonOnOF
    47                           	FNCALL	_Param6,_ButtonOnOF
    48                           	FNROOT	_main
    49                           	global	_Count
    50                           	global	_Param11isAlive
    51                           	global	_Param6isAlive
    52                           	global	_RelayPowerMode
    53                           	global	_TimerMode
    54                           	global	_PORTA
    55                           psect	text118,local,class=CODE,delta=2
    56                           global __ptext118
    57  0000                     __ptext118:
    58  0005                     _PORTA	set	5
    59                           	global	_PORTAbits
    60  0005                     _PORTAbits	set	5
    61                           	global	_PORTB
    62  0006                     _PORTB	set	6
    63                           	global	_PORTBbits
    64  0006                     _PORTBbits	set	6
    65                           	global	_T1CON
    66  0010                     _T1CON	set	16
    67                           	global	_CARRY
    68  0018                     _CARRY	set	24
    69                           	global	_GIE
    70  005F                     _GIE	set	95
    71                           	global	_TMR1IF
    72  0060                     _TMR1IF	set	96
    73                           	global	_ADCON1
    74  009F                     _ADCON1	set	159
    75                           	global	_TRISA
    76  0085                     _TRISA	set	133
    77                           	global	_TRISB
    78  0086                     _TRISB	set	134
    79                           	global	_EEADR
    80  010D                     _EEADR	set	269
    81                           	global	_EEDATA
    82  010C                     _EEDATA	set	268
    83                           	global	_EECON1
    84  018C                     _EECON1	set	396
    85                           	global	_EECON2
    86  018D                     _EECON2	set	397
    87                           	global	_RD
    88  0C60                     _RD	set	3168
    89                           	global	_WR
    90  0C61                     _WR	set	3169
    91                           	global	_WREN
    92  0C62                     _WREN	set	3170
    93                           	file	"Example.as"
    94                           	line	#
    95                           psect cinit,class=CODE,delta=2
    96                           global start_initialization
    97  0734                     start_initialization:
    98                           
    99                           psect	bssCOMMON,class=COMMON,space=1
   100                           global __pbssCOMMON
   101  0070                     __pbssCOMMON:
   102  0070                     _Count:
   103  0070                            ds      2
   104                           
   105  0072                     _Param11isAlive:
   106  0072                            ds      2
   107                           
   108  0074                     _Param6isAlive:
   109  0074                            ds      2
   110                           
   111  0076                     _RelayPowerMode:
   112  0076                            ds      2
   113                           
   114  0078                     _TimerMode:
   115  0078                            ds      2
   116                           
   117                           ; Clear objects allocated to COMMON
   118                           psect cinit,class=CODE,delta=2
   119  0734  01F0               	clrf	((__pbssCOMMON)+0)&07Fh
   120  0735  01F1               	clrf	((__pbssCOMMON)+1)&07Fh
   121  0736  01F2               	clrf	((__pbssCOMMON)+2)&07Fh
   122  0737  01F3               	clrf	((__pbssCOMMON)+3)&07Fh
   123  0738  01F4               	clrf	((__pbssCOMMON)+4)&07Fh
   124  0739  01F5               	clrf	((__pbssCOMMON)+5)&07Fh
   125  073A  01F6               	clrf	((__pbssCOMMON)+6)&07Fh
   126  073B  01F7               	clrf	((__pbssCOMMON)+7)&07Fh
   127  073C  01F8               	clrf	((__pbssCOMMON)+8)&07Fh
   128  073D  01F9               	clrf	((__pbssCOMMON)+9)&07Fh
   129                           psect cinit,class=CODE,delta=2
   130                           global end_of_initialization
   131                           
   132                           ;End of C runtime variable initialization code
   133                           
   134  073E                     end_of_initialization:
   135  073E  0183               clrf status
   136  073F  120A  118A  2FD0   ljmp _main	;jump to C main() function
   137                           psect	cstackCOMMON,class=COMMON,space=1
   138                           global __pcstackCOMMON
   139  007A                     __pcstackCOMMON:
   140                           	global	?_Param6
   141  007A                     ?_Param6:	; 0 bytes @ 0x0
   142                           	global	?_Param11
   143  007A                     ?_Param11:	; 0 bytes @ 0x0
   144                           	global	?_Param21
   145  007A                     ?_Param21:	; 0 bytes @ 0x0
   146                           	global	??_Param21
   147  007A                     ??_Param21:	; 0 bytes @ 0x0
   148                           	global	?_ButtonOnOF
   149  007A                     ?_ButtonOnOF:	; 0 bytes @ 0x0
   150                           	global	??_ButtonOnOF
   151  007A                     ??_ButtonOnOF:	; 0 bytes @ 0x0
   152                           	global	?_BooleanFlagsControl
   153  007A                     ?_BooleanFlagsControl:	; 0 bytes @ 0x0
   154                           	global	??_BooleanFlagsControl
   155  007A                     ??_BooleanFlagsControl:	; 0 bytes @ 0x0
   156                           	global	?_main
   157  007A                     ?_main:	; 2 bytes @ 0x0
   158  007A                     	ds	3
   159                           	global	??_Param6
   160  007D                     ??_Param6:	; 0 bytes @ 0x3
   161                           	global	??_Param11
   162  007D                     ??_Param11:	; 0 bytes @ 0x3
   163                           	global	??_main
   164  007D                     ??_main:	; 0 bytes @ 0x3
   165 ;;Data sizes: Strings 0, constant 0, data 0, bss 10, persistent 0 stack 0
   166 ;;Auto spaces:   Size  Autos    Used
   167 ;; COMMON          14      3      13
   168 ;; BANK0           80      0       0
   169 ;; BANK1           80      0       0
   170 ;; BANK3           96      0       0
   171 ;; BANK2           96      0       0
   172                           
   173 ;;
   174 ;; Pointer list with targets:
   175                           
   176                           
   177                           
   178 ;;
   179 ;; Critical Paths under _main in COMMON
   180 ;;
   181 ;;   _Param11->_ButtonOnOF
   182 ;;   _Param6->_ButtonOnOF
   183 ;;
   184 ;; Critical Paths under _main in BANK0
   185 ;;
   186 ;;   None.
   187 ;;
   188 ;; Critical Paths under _main in BANK1
   189 ;;
   190 ;;   None.
   191 ;;
   192 ;; Critical Paths under _main in BANK3
   193 ;;
   194 ;;   None.
   195 ;;
   196 ;; Critical Paths under _main in BANK2
   197 ;;
   198 ;;   None.
   199                           
   200 ;;
   201 ;;Main: autosize = 0, tempsize = 0, incstack = 0, save=0
   202 ;;
   203                           
   204 ;;
   205 ;;Call Graph Tables:
   206 ;;
   207 ;; ---------------------------------------------------------------------------------
   208 ;; (Depth) Function   	        Calls       Base Space   Used Autos Params    Refs
   209 ;; ---------------------------------------------------------------------------------
   210 ;; (0) _main                                                 0     0      0       0
   211 ;;                _BooleanFlagsControl
   212 ;;                             _Param6
   213 ;;                            _Param11
   214 ;;                            _Param21
   215 ;; ---------------------------------------------------------------------------------
   216 ;; (1) _Param11                                              0     0      0       0
   217 ;;                         _ButtonOnOF
   218 ;; ---------------------------------------------------------------------------------
   219 ;; (1) _Param6                                               0     0      0       0
   220 ;;                         _ButtonOnOF
   221 ;; ---------------------------------------------------------------------------------
   222 ;; (2) _ButtonOnOF                                           3     3      0       0
   223 ;;                                              0 COMMON     3     3      0
   224 ;; ---------------------------------------------------------------------------------
   225 ;; (1) _Param21                                              0     0      0       0
   226 ;; ---------------------------------------------------------------------------------
   227 ;; (1) _BooleanFlagsControl                                  0     0      0       0
   228 ;; ---------------------------------------------------------------------------------
   229 ;; Estimated maximum stack depth 2
   230 ;; ---------------------------------------------------------------------------------
   231                           
   232 ;; Call Graph Graphs:
   233                           
   234 ;; _main (ROOT)
   235 ;;   _BooleanFlagsControl
   236 ;;   _Param6
   237 ;;     _ButtonOnOF
   238 ;;   _Param11
   239 ;;     _ButtonOnOF
   240 ;;   _Param21
   241 ;;
   242                           
   243 ;; Address spaces:
   244                           
   245 ;;Name               Size   Autos  Total    Cost      Usage
   246 ;;BITCOMMON            E      0       0       0        0.0%
   247 ;;EEDATA             100      0       0       0        0.0%
   248 ;;NULL                 0      0       0       0        0.0%
   249 ;;CODE                 0      0       0       0        0.0%
   250 ;;COMMON               E      3       D       1       92.9%
   251 ;;BITSFR0              0      0       0       1        0.0%
   252 ;;SFR0                 0      0       0       1        0.0%
   253 ;;BITSFR1              0      0       0       2        0.0%
   254 ;;SFR1                 0      0       0       2        0.0%
   255 ;;STACK                0      0       2       2        0.0%
   256 ;;ABS                  0      0       D       3        0.0%
   257 ;;BITBANK0            50      0       0       4        0.0%
   258 ;;BITSFR3              0      0       0       4        0.0%
   259 ;;SFR3                 0      0       0       4        0.0%
   260 ;;BANK0               50      0       0       5        0.0%
   261 ;;BITSFR2              0      0       0       5        0.0%
   262 ;;SFR2                 0      0       0       5        0.0%
   263 ;;BITBANK1            50      0       0       6        0.0%
   264 ;;BANK1               50      0       0       7        0.0%
   265 ;;BITBANK3            60      0       0       8        0.0%
   266 ;;BANK3               60      0       0       9        0.0%
   267 ;;BITBANK2            60      0       0      10        0.0%
   268 ;;BANK2               60      0       0      11        0.0%
   269 ;;DATA                 0      0       F      12        0.0%
   270                           
   271                           	global	_main
   272                           psect	maintext,global,class=CODE,delta=2
   273                           global __pmaintext
   274  07D0                     __pmaintext:
   275                           
   276 ;; *************** function _main *****************
   277 ;; Defined at:
   278 ;;		line 85 in file "C:\Users\Isahak\Desktop\MPLAB-master\Source.c"
   279 ;; Parameters:    Size  Location     Type
   280 ;;		None
   281 ;; Auto vars:     Size  Location     Type
   282 ;;		None
   283 ;; Return value:  Size  Location     Type
   284 ;;                  2  674[COMMON] int 
   285 ;; Registers used:
   286 ;;		wreg, status,2, status,0, pclath, cstack
   287 ;; Tracked objects:
   288 ;;		On entry : 17F/0
   289 ;;		On exit  : 0/0
   290 ;;		Unchanged: 0/0
   291 ;; Data sizes:     COMMON   BANK0   BANK1   BANK3   BANK2
   292 ;;      Params:         0       0       0       0       0
   293 ;;      Locals:         0       0       0       0       0
   294 ;;      Temps:          0       0       0       0       0
   295 ;;      Totals:         0       0       0       0       0
   296 ;;Total ram usage:        0 bytes
   297 ;; Hardware stack levels required when called:    2
   298 ;; This function calls:
   299 ;;		_BooleanFlagsControl
   300 ;;		_Param6
   301 ;;		_Param11
   302 ;;		_Param21
   303 ;; This function is called by:
   304 ;;		Startup code after reset
   305 ;; This function uses a non-reentrant model
   306 ;;
   307                           psect	maintext
   308                           	file	"C:\Users\Isahak\Desktop\MPLAB-master\Source.c"
   309                           	line	85
   310                           	global	__size_of_main
   311  0030                     	__size_of_main	equ	__end_of_main-_main
   312                           	
   313  07D0                     _main:	
   314                           	opt	stack 6
   315                           ; Regs used in _main: [wreg+status,2+status,0+pclath+cstack]
   316                           	line	87
   317                           	
   318  07D0                     l2615:	
   319                           ;Source.c: 87: ADCON1 = 7;
   320  07D0  3007               	movlw	(07h)
   321  07D1  1683               	bsf	status, 5	;RP0=1, select bank1
   322  07D2  1303               	bcf	status, 6	;RP1=0, select bank1
   323  07D3  009F               	movwf	(159)^080h	;volatile
   324                           	line	88
   325                           ;Source.c: 88: T1CON = 1;
   326  07D4  3001               	movlw	(01h)
   327  07D5  1283               	bcf	status, 5	;RP0=0, select bank0
   328  07D6  1303               	bcf	status, 6	;RP1=0, select bank0
   329  07D7  0090               	movwf	(16)	;volatile
   330                           	line	90
   331                           ;Source.c: 90: TRISB = 0b11111100;
   332  07D8  30FC               	movlw	(0FCh)
   333  07D9  1683               	bsf	status, 5	;RP0=1, select bank1
   334  07DA  1303               	bcf	status, 6	;RP1=0, select bank1
   335  07DB  0086               	movwf	(134)^080h	;volatile
   336                           	line	91
   337                           	
   338  07DC                     l2617:	
   339                           ;Source.c: 91: PORTB=0;
   340  07DC  1283               	bcf	status, 5	;RP0=0, select bank0
   341  07DD  1303               	bcf	status, 6	;RP1=0, select bank0
   342  07DE  0186               	clrf	(6)	;volatile
   343                           	line	93
   344                           	
   345  07DF                     l2619:	
   346                           ;Source.c: 93: TRISA = 0b00000000;
   347  07DF  1683               	bsf	status, 5	;RP0=1, select bank1
   348  07E0  1303               	bcf	status, 6	;RP1=0, select bank1
   349  07E1  0185               	clrf	(133)^080h	;volatile
   350                           	line	94
   351                           ;Source.c: 94: PORTA = 0b11111111;
   352  07E2  30FF               	movlw	(0FFh)
   353  07E3  1283               	bcf	status, 5	;RP0=0, select bank0
   354  07E4  1303               	bcf	status, 6	;RP1=0, select bank0
   355  07E5  0085               	movwf	(5)	;volatile
   356  07E6  2FE7               	goto	l2621
   357                           	line	96
   358                           ;Source.c: 96: while(1){
   359                           	
   360  07E7                     l675:	
   361                           	line	97
   362                           	
   363  07E7                     l2621:	
   364                           ;Source.c: 97: BooleanFlagsControl();
   365  07E7  120A  118A  27A3   	fcall	_BooleanFlagsControl
              120A  118A         
   366                           	line	98
   367                           	
   368  07EC                     l2623:	
   369                           ;Source.c: 98: Param6();
   370  07EC  120A  118A  2727   	fcall	_Param6
              120A  118A         
   371                           	line	99
   372                           	
   373  07F1                     l2625:	
   374                           ;Source.c: 99: Param11();
   375  07F1  120A  118A  277A   	fcall	_Param11
              120A  118A         
   376                           	line	100
   377                           	
   378  07F6                     l2627:	
   379                           ;Source.c: 100: Param21();
   380  07F6  120A  118A  2742   	fcall	_Param21
              120A  118A         
   381  07FB  2FE7               	goto	l2621
   382                           	line	101
   383                           	
   384  07FC                     l676:	
   385                           	line	96
   386  07FC  2FE7               	goto	l2621
   387                           	
   388  07FD                     l677:	
   389                           	line	102
   390                           	
   391  07FD                     l678:	
   392                           	global	start
   393  07FD  120A  118A  2800   	ljmp	start
   394                           	opt stack 0
   395                           GLOBAL	__end_of_main
   396  0800                     	__end_of_main:
   397 ;; =============== function _main ends ============
   398                           
   399                           	signat	_main,90
   400                           	global	_Param11
   401                           psect	text119,local,class=CODE,delta=2
   402                           global __ptext119
   403  077A                     __ptext119:
   404                           
   405 ;; *************** function _Param11 *****************
   406 ;; Defined at:
   407 ;;		line 109 in file "C:\Users\Isahak\Desktop\MPLAB-master\Source.c"
   408 ;; Parameters:    Size  Location     Type
   409 ;;		None
   410 ;; Auto vars:     Size  Location     Type
   411 ;;		None
   412 ;; Return value:  Size  Location     Type
   413 ;;		None               void
   414 ;; Registers used:
   415 ;;		wreg, status,2, status,0, pclath, cstack
   416 ;; Tracked objects:
   417 ;;		On entry : 0/0
   418 ;;		On exit  : 0/0
   419 ;;		Unchanged: 0/0
   420 ;; Data sizes:     COMMON   BANK0   BANK1   BANK3   BANK2
   421 ;;      Params:         0       0       0       0       0
   422 ;;      Locals:         0       0       0       0       0
   423 ;;      Temps:          0       0       0       0       0
   424 ;;      Totals:         0       0       0       0       0
   425 ;;Total ram usage:        0 bytes
   426 ;; Hardware stack levels used:    1
   427 ;; Hardware stack levels required when called:    1
   428 ;; This function calls:
   429 ;;		_ButtonOnOF
   430 ;; This function is called by:
   431 ;;		_main
   432 ;; This function uses a non-reentrant model
   433 ;;
   434                           psect	text119
   435                           	file	"C:\Users\Isahak\Desktop\MPLAB-master\Source.c"
   436                           	line	109
   437                           	global	__size_of_Param11
   438  0029                     	__size_of_Param11	equ	__end_of_Param11-_Param11
   439                           	
   440  077A                     _Param11:	
   441                           	opt	stack 6
   442                           ; Regs used in _Param11: [wreg+status,2+status,0+pclath+cstack]
   443                           	line	110
   444                           	
   445  077A                     l2603:	
   446                           ;Source.c: 110: if(Param11isAlive){
   447  077A  0873               	movf	(_Param11isAlive+1),w
   448  077B  0472               	iorwf	(_Param11isAlive),w
   449  077C  1903               	skipnz
   450  077D  2F7F               	goto	u2311
   451  077E  2F80               	goto	u2310
   452  077F                     u2311:
   453  077F  2FA2               	goto	l690
   454  0780                     u2310:
   455  0780  2F82               	goto	l686
   456                           	line	111
   457                           	
   458  0781                     l2605:	
   459                           ;Source.c: 111: while (! TMR1IF);
   460  0781  2F82               	goto	l686
   461                           	
   462  0782                     l687:	
   463                           	
   464  0782                     l686:	
   465  0782  1283               	bcf	status, 5	;RP0=0, select bank0
   466  0783  1303               	bcf	status, 6	;RP1=0, select bank0
   467  0784  1C0C               	btfss	(96/8),(96)&7
   468  0785  2F87               	goto	u2321
   469  0786  2F88               	goto	u2320
   470  0787                     u2321:
   471  0787  2F82               	goto	l686
   472  0788                     u2320:
   473                           	
   474  0788                     l688:	
   475                           	line	112
   476                           ;Source.c: 112: TMR1IF = 0;
   477  0788  100C               	bcf	(96/8),(96)&7
   478                           	line	113
   479                           	
   480  0789                     l2607:	
   481                           ;Source.c: 113: Count ++;
   482  0789  3001               	movlw	low(01h)
   483  078A  07F0               	addwf	(_Count),f
   484  078B  1803               	skipnc
   485  078C  0AF1               	incf	(_Count+1),f
   486  078D  3000               	movlw	high(01h)
   487  078E  07F1               	addwf	(_Count+1),f
   488                           	line	114
   489                           ;Source.c: 114: if (Count == 100){
   490  078F  3064               	movlw	064h
   491  0790  0670               	xorwf	(_Count),w
   492  0791  0471               	iorwf	(_Count+1),w
   493  0792  1D03               	skipz
   494  0793  2F95               	goto	u2331
   495  0794  2F96               	goto	u2330
   496  0795                     u2331:
   497  0795  2FA2               	goto	l690
   498  0796                     u2330:
   499                           	line	115
   500                           	
   501  0796                     l2609:	
   502                           ;Source.c: 115: Count = 0;
   503  0796  01F0               	clrf	(_Count)
   504  0797  01F1               	clrf	(_Count+1)
   505                           	line	116
   506                           	
   507  0798                     l2611:	
   508                           ;Source.c: 116: ButtonOnOF();
   509  0798  120A  118A  2754   	fcall	_ButtonOnOF
              120A  118A         
   510                           	line	117
   511                           	
   512  079D                     l2613:	
   513                           ;Source.c: 117: TMR1IF = 0;
   514  079D  1283               	bcf	status, 5	;RP0=0, select bank0
   515  079E  1303               	bcf	status, 6	;RP1=0, select bank0
   516  079F  100C               	bcf	(96/8),(96)&7
   517  07A0  2FA2               	goto	l690
   518                           	line	118
   519                           	
   520  07A1                     l689:	
   521  07A1  2FA2               	goto	l690
   522                           	line	119
   523                           	
   524  07A2                     l685:	
   525                           	line	120
   526                           	
   527  07A2                     l690:	
   528  07A2  0008               	return
   529                           	opt stack 0
   530                           GLOBAL	__end_of_Param11
   531  07A3                     	__end_of_Param11:
   532 ;; =============== function _Param11 ends ============
   533                           
   534                           	signat	_Param11,88
   535                           	global	_Param6
   536                           psect	text120,local,class=CODE,delta=2
   537                           global __ptext120
   538  0727                     __ptext120:
   539                           
   540 ;; *************** function _Param6 *****************
   541 ;; Defined at:
   542 ;;		line 104 in file "C:\Users\Isahak\Desktop\MPLAB-master\Source.c"
   543 ;; Parameters:    Size  Location     Type
   544 ;;		None
   545 ;; Auto vars:     Size  Location     Type
   546 ;;		None
   547 ;; Return value:  Size  Location     Type
   548 ;;		None               void
   549 ;; Registers used:
   550 ;;		wreg, status,2, status,0, pclath, cstack
   551 ;; Tracked objects:
   552 ;;		On entry : 0/0
   553 ;;		On exit  : 0/0
   554 ;;		Unchanged: 0/0
   555 ;; Data sizes:     COMMON   BANK0   BANK1   BANK3   BANK2
   556 ;;      Params:         0       0       0       0       0
   557 ;;      Locals:         0       0       0       0       0
   558 ;;      Temps:          0       0       0       0       0
   559 ;;      Totals:         0       0       0       0       0
   560 ;;Total ram usage:        0 bytes
   561 ;; Hardware stack levels used:    1
   562 ;; Hardware stack levels required when called:    1
   563 ;; This function calls:
   564 ;;		_ButtonOnOF
   565 ;; This function is called by:
   566 ;;		_main
   567 ;; This function uses a non-reentrant model
   568 ;;
   569                           psect	text120
   570                           	file	"C:\Users\Isahak\Desktop\MPLAB-master\Source.c"
   571                           	line	104
   572                           	global	__size_of_Param6
   573  000D                     	__size_of_Param6	equ	__end_of_Param6-_Param6
   574                           	
   575  0727                     _Param6:	
   576                           	opt	stack 6
   577                           ; Regs used in _Param6: [wreg+status,2+status,0+pclath+cstack]
   578                           	line	105
   579                           	
   580  0727                     l2599:	
   581                           ;Source.c: 105: if(Param6isAlive)
   582  0727  0875               	movf	(_Param6isAlive+1),w
   583  0728  0474               	iorwf	(_Param6isAlive),w
   584  0729  1903               	skipnz
   585  072A  2F2C               	goto	u2301
   586  072B  2F2D               	goto	u2300
   587  072C                     u2301:
   588  072C  2F33               	goto	l682
   589  072D                     u2300:
   590                           	line	106
   591                           	
   592  072D                     l2601:	
   593                           ;Source.c: 106: ButtonOnOF();
   594  072D  120A  118A  2754   	fcall	_ButtonOnOF
              120A  118A         
   595  0732  2F33               	goto	l682
   596                           	
   597  0733                     l681:	
   598                           	line	107
   599                           	
   600  0733                     l682:	
   601  0733  0008               	return
   602                           	opt stack 0
   603                           GLOBAL	__end_of_Param6
   604  0734                     	__end_of_Param6:
   605 ;; =============== function _Param6 ends ============
   606                           
   607                           	signat	_Param6,88
   608                           	global	_ButtonOnOF
   609                           psect	text121,local,class=CODE,delta=2
   610                           global __ptext121
   611  0754                     __ptext121:
   612                           
   613 ;; *************** function _ButtonOnOF *****************
   614 ;; Defined at:
   615 ;;		line 37 in file "C:\Users\Isahak\Desktop\MPLAB-master\Source.c"
   616 ;; Parameters:    Size  Location     Type
   617 ;;		None
   618 ;; Auto vars:     Size  Location     Type
   619 ;;		None
   620 ;; Return value:  Size  Location     Type
   621 ;;		None               void
   622 ;; Registers used:
   623 ;;		wreg
   624 ;; Tracked objects:
   625 ;;		On entry : 0/0
   626 ;;		On exit  : 0/0
   627 ;;		Unchanged: 0/0
   628 ;; Data sizes:     COMMON   BANK0   BANK1   BANK3   BANK2
   629 ;;      Params:         0       0       0       0       0
   630 ;;      Locals:         0       0       0       0       0
   631 ;;      Temps:          3       0       0       0       0
   632 ;;      Totals:         3       0       0       0       0
   633 ;;Total ram usage:        3 bytes
   634 ;; Hardware stack levels used:    1
   635 ;; This function calls:
   636 ;;		Nothing
   637 ;; This function is called by:
   638 ;;		_Param6
   639 ;;		_Param11
   640 ;; This function uses a non-reentrant model
   641 ;;
   642                           psect	text121
   643                           	file	"C:\Users\Isahak\Desktop\MPLAB-master\Source.c"
   644                           	line	37
   645                           	global	__size_of_ButtonOnOF
   646  0026                     	__size_of_ButtonOnOF	equ	__end_of_ButtonOnOF-_ButtonOnOF
   647                           	
   648  0754                     _ButtonOnOF:	
   649                           	opt	stack 6
   650                           ; Regs used in _ButtonOnOF: [wreg]
   651                           	line	38
   652                           	
   653  0754                     l2589:	
   654                           ;Source.c: 38: if(PORTAbits.RA0 == 0){
   655  0754  1283               	bcf	status, 5	;RP0=0, select bank0
   656  0755  1303               	bcf	status, 6	;RP1=0, select bank0
   657  0756  1805               	btfsc	(5),0	;volatile
   658  0757  2F59               	goto	u2271
   659  0758  2F5A               	goto	u2270
   660  0759                     u2271:
   661  0759  2F73               	goto	l659
   662  075A                     u2270:
   663                           	line	39
   664                           	
   665  075A                     l2591:	
   666                           ;Source.c: 39: if(TimerMode){
   667  075A  0879               	movf	(_TimerMode+1),w
   668  075B  0478               	iorwf	(_TimerMode),w
   669  075C  1903               	skipnz
   670  075D  2F5F               	goto	u2281
   671  075E  2F60               	goto	u2280
   672  075F                     u2281:
   673  075F  2F71               	goto	l660
   674  0760                     u2280:
   675                           	line	40
   676                           	
   677  0760                     l2593:	
   678                           ;Source.c: 40: _delay((unsigned long)((2000)*(8000000/4000.0)));
   679                           	opt asmopt_off
   680  0760  3015               movlw  21
   681  0761  00FC               movwf	((??_ButtonOnOF+0)+0+2),f
   682  0762  304B               movlw	75
   683  0763  00FB               movwf	((??_ButtonOnOF+0)+0+1),f
   684  0764  30D1               	movlw	209
   685  0765  00FA               movwf	((??_ButtonOnOF+0)+0),f
   686  0766                     u2347:
   687  0766  0BFA               	decfsz	((??_ButtonOnOF+0)+0),f
   688  0767  2F66               	goto	u2347
   689  0768  0BFB               	decfsz	((??_ButtonOnOF+0)+0+1),f
   690  0769  2F66               	goto	u2347
   691  076A  0BFC               	decfsz	((??_ButtonOnOF+0)+0+2),f
   692  076B  2F66               	goto	u2347
   693  076C  0064               	clrwdt
   694                           opt asmopt_on
   695                           
   696                           	line	41
   697                           	
   698  076D                     l2595:	
   699                           ;Source.c: 41: PORTBbits.RB0 = 1;
   700  076D  1283               	bcf	status, 5	;RP0=0, select bank0
   701  076E  1303               	bcf	status, 6	;RP1=0, select bank0
   702  076F  1406               	bsf	(6),0	;volatile
   703                           	line	42
   704                           ;Source.c: 42: }else PORTBbits.RB0 = 1;
   705  0770  2F73               	goto	l659
   706                           	
   707  0771                     l660:	
   708  0771  1406               	bsf	(6),0	;volatile
   709  0772  2F73               	goto	l659
   710                           	
   711  0773                     l661:	
   712                           	line	43
   713                           	
   714  0773                     l659:	
   715                           	line	44
   716                           ;Source.c: 43: }
   717                           ;Source.c: 44: if(PORTAbits.RA1 == 0)
   718  0773  1885               	btfsc	(5),1	;volatile
   719  0774  2F76               	goto	u2291
   720  0775  2F77               	goto	u2290
   721  0776                     u2291:
   722  0776  2F79               	goto	l663
   723  0777                     u2290:
   724                           	line	45
   725                           	
   726  0777                     l2597:	
   727                           ;Source.c: 45: PORTBbits.RB0 = 0;
   728  0777  1006               	bcf	(6),0	;volatile
   729  0778  2F79               	goto	l663
   730                           	
   731  0779                     l662:	
   732                           	line	46
   733                           	
   734  0779                     l663:	
   735  0779  0008               	return
   736                           	opt stack 0
   737                           GLOBAL	__end_of_ButtonOnOF
   738  077A                     	__end_of_ButtonOnOF:
   739 ;; =============== function _ButtonOnOF ends ============
   740                           
   741                           	signat	_ButtonOnOF,88
   742                           	global	_Param21
   743                           psect	text122,local,class=CODE,delta=2
   744                           global __ptext122
   745  0742                     __ptext122:
   746                           
   747 ;; *************** function _Param21 *****************
   748 ;; Defined at:
   749 ;;		line 122 in file "C:\Users\Isahak\Desktop\MPLAB-master\Source.c"
   750 ;; Parameters:    Size  Location     Type
   751 ;;		None
   752 ;; Auto vars:     Size  Location     Type
   753 ;;		None
   754 ;; Return value:  Size  Location     Type
   755 ;;		None               void
   756 ;; Registers used:
   757 ;;		wreg
   758 ;; Tracked objects:
   759 ;;		On entry : 0/0
   760 ;;		On exit  : 0/0
   761 ;;		Unchanged: 0/0
   762 ;; Data sizes:     COMMON   BANK0   BANK1   BANK3   BANK2
   763 ;;      Params:         0       0       0       0       0
   764 ;;      Locals:         0       0       0       0       0
   765 ;;      Temps:          0       0       0       0       0
   766 ;;      Totals:         0       0       0       0       0
   767 ;;Total ram usage:        0 bytes
   768 ;; Hardware stack levels used:    1
   769 ;; This function calls:
   770 ;;		Nothing
   771 ;; This function is called by:
   772 ;;		_main
   773 ;; This function uses a non-reentrant model
   774 ;;
   775                           psect	text122
   776                           	file	"C:\Users\Isahak\Desktop\MPLAB-master\Source.c"
   777                           	line	122
   778                           	global	__size_of_Param21
   779  0012                     	__size_of_Param21	equ	__end_of_Param21-_Param21
   780                           	
   781  0742                     _Param21:	
   782                           	opt	stack 7
   783                           ; Regs used in _Param21: [wreg]
   784                           	line	123
   785                           	
   786  0742                     l1725:	
   787                           ;Source.c: 123: if(RelayPowerMode){
   788  0742  0877               	movf	(_RelayPowerMode+1),w
   789  0743  0476               	iorwf	(_RelayPowerMode),w
   790  0744  1903               	skipnz
   791  0745  2F47               	goto	u41
   792  0746  2F48               	goto	u40
   793  0747                     u41:
   794  0747  2F53               	goto	l696
   795  0748                     u40:
   796                           	line	124
   797                           	
   798  0748                     l1727:	
   799                           ;Source.c: 124: if(PORTAbits.RA4 == 0){
   800  0748  1283               	bcf	status, 5	;RP0=0, select bank0
   801  0749  1303               	bcf	status, 6	;RP1=0, select bank0
   802  074A  1A05               	btfsc	(5),4	;volatile
   803  074B  2F4D               	goto	u51
   804  074C  2F4E               	goto	u50
   805  074D                     u51:
   806  074D  2F50               	goto	l694
   807  074E                     u50:
   808                           	line	125
   809                           	
   810  074E                     l1729:	
   811                           ;Source.c: 125: PORTBbits.RB1 = 1;
   812  074E  1486               	bsf	(6),1	;volatile
   813                           	line	126
   814                           ;Source.c: 126: }else PORTBbits.RB1 = 0;
   815  074F  2F53               	goto	l696
   816                           	
   817  0750                     l694:	
   818  0750  1086               	bcf	(6),1	;volatile
   819  0751  2F53               	goto	l696
   820                           	
   821  0752                     l695:	
   822  0752  2F53               	goto	l696
   823                           	line	127
   824                           	
   825  0753                     l693:	
   826                           	line	128
   827                           	
   828  0753                     l696:	
   829  0753  0008               	return
   830                           	opt stack 0
   831                           GLOBAL	__end_of_Param21
   832  0754                     	__end_of_Param21:
   833 ;; =============== function _Param21 ends ============
   834                           
   835                           	signat	_Param21,88
   836                           	global	_BooleanFlagsControl
   837                           psect	text123,local,class=CODE,delta=2
   838                           global __ptext123
   839  07A3                     __ptext123:
   840                           
   841 ;; *************** function _BooleanFlagsControl *****************
   842 ;; Defined at:
   843 ;;		line 51 in file "C:\Users\Isahak\Desktop\MPLAB-master\Source.c"
   844 ;; Parameters:    Size  Location     Type
   845 ;;		None
   846 ;; Auto vars:     Size  Location     Type
   847 ;;		None
   848 ;; Return value:  Size  Location     Type
   849 ;;		None               void
   850 ;; Registers used:
   851 ;;		wreg, status,2
   852 ;; Tracked objects:
   853 ;;		On entry : 0/0
   854 ;;		On exit  : 0/0
   855 ;;		Unchanged: 0/0
   856 ;; Data sizes:     COMMON   BANK0   BANK1   BANK3   BANK2
   857 ;;      Params:         0       0       0       0       0
   858 ;;      Locals:         0       0       0       0       0
   859 ;;      Temps:          0       0       0       0       0
   860 ;;      Totals:         0       0       0       0       0
   861 ;;Total ram usage:        0 bytes
   862 ;; Hardware stack levels used:    1
   863 ;; This function calls:
   864 ;;		Nothing
   865 ;; This function is called by:
   866 ;;		_main
   867 ;; This function uses a non-reentrant model
   868 ;;
   869                           psect	text123
   870                           	file	"C:\Users\Isahak\Desktop\MPLAB-master\Source.c"
   871                           	line	51
   872                           	global	__size_of_BooleanFlagsControl
   873  002D                     	__size_of_BooleanFlagsControl	equ	__end_of_BooleanFlagsControl-_BooleanFlagsControl
   874                           	
   875  07A3                     _BooleanFlagsControl:	
   876                           	opt	stack 7
   877                           ; Regs used in _BooleanFlagsControl: [wreg+status,2]
   878                           	line	52
   879                           	
   880  07A3                     l1703:	
   881                           ;Source.c: 52: if(PORTAbits.RA2 == 0){
   882  07A3  1283               	bcf	status, 5	;RP0=0, select bank0
   883  07A4  1303               	bcf	status, 6	;RP1=0, select bank0
   884  07A5  1905               	btfsc	(5),2	;volatile
   885  07A6  2FA8               	goto	u11
   886  07A7  2FA9               	goto	u10
   887  07A8                     u11:
   888  07A8  2FB0               	goto	l1709
   889  07A9                     u10:
   890                           	line	53
   891                           	
   892  07A9                     l1705:	
   893                           ;Source.c: 53: Param6isAlive=0;
   894  07A9  01F4               	clrf	(_Param6isAlive)
   895  07AA  01F5               	clrf	(_Param6isAlive+1)
   896                           	line	54
   897                           	
   898  07AB                     l1707:	
   899                           ;Source.c: 54: Param11isAlive=1;
   900  07AB  3001               	movlw	low(01h)
   901  07AC  00F2               	movwf	(_Param11isAlive)
   902  07AD  3000               	movlw	high(01h)
   903  07AE  00F3               	movwf	((_Param11isAlive))+1
   904                           	line	55
   905                           ;Source.c: 55: }else{
   906  07AF  2FB7               	goto	l1713
   907                           	
   908  07B0                     l666:	
   909                           	line	56
   910                           	
   911  07B0                     l1709:	
   912                           ;Source.c: 56: Param6isAlive=1;
   913  07B0  3001               	movlw	low(01h)
   914  07B1  00F4               	movwf	(_Param6isAlive)
   915  07B2  3000               	movlw	high(01h)
   916  07B3  00F5               	movwf	((_Param6isAlive))+1
   917                           	line	57
   918                           	
   919  07B4                     l1711:	
   920                           ;Source.c: 57: Param11isAlive=0;
   921  07B4  01F2               	clrf	(_Param11isAlive)
   922  07B5  01F3               	clrf	(_Param11isAlive+1)
   923  07B6  2FB7               	goto	l1713
   924                           	line	58
   925                           	
   926  07B7                     l667:	
   927                           	line	59
   928                           	
   929  07B7                     l1713:	
   930                           ;Source.c: 58: }
   931                           ;Source.c: 59: if(PORTAbits.RA3 == 0)
   932  07B7  1985               	btfsc	(5),3	;volatile
   933  07B8  2FBA               	goto	u21
   934  07B9  2FBB               	goto	u20
   935  07BA                     u21:
   936  07BA  2FC0               	goto	l1717
   937  07BB                     u20:
   938                           	line	60
   939                           	
   940  07BB                     l1715:	
   941                           ;Source.c: 60: TimerMode=1;
   942  07BB  3001               	movlw	low(01h)
   943  07BC  00F8               	movwf	(_TimerMode)
   944  07BD  3000               	movlw	high(01h)
   945  07BE  00F9               	movwf	((_TimerMode))+1
   946  07BF  2FC3               	goto	l1719
   947                           	line	61
   948                           	
   949  07C0                     l668:	
   950                           	
   951  07C0                     l1717:	
   952                           ;Source.c: 61: else TimerMode=0;
   953  07C0  01F8               	clrf	(_TimerMode)
   954  07C1  01F9               	clrf	(_TimerMode+1)
   955  07C2  2FC3               	goto	l1719
   956                           	
   957  07C3                     l669:	
   958                           	line	62
   959                           	
   960  07C3                     l1719:	
   961                           ;Source.c: 62: if(PORTAbits.RA4 == 0)
   962  07C3  1A05               	btfsc	(5),4	;volatile
   963  07C4  2FC6               	goto	u31
   964  07C5  2FC7               	goto	u30
   965  07C6                     u31:
   966  07C6  2FCC               	goto	l1723
   967  07C7                     u30:
   968                           	line	63
   969                           	
   970  07C7                     l1721:	
   971                           ;Source.c: 63: RelayPowerMode=1;
   972  07C7  3001               	movlw	low(01h)
   973  07C8  00F6               	movwf	(_RelayPowerMode)
   974  07C9  3000               	movlw	high(01h)
   975  07CA  00F7               	movwf	((_RelayPowerMode))+1
   976  07CB  2FCF               	goto	l672
   977                           	line	64
   978                           	
   979  07CC                     l670:	
   980                           	
   981  07CC                     l1723:	
   982                           ;Source.c: 64: else RelayPowerMode=0;
   983  07CC  01F6               	clrf	(_RelayPowerMode)
   984  07CD  01F7               	clrf	(_RelayPowerMode+1)
   985  07CE  2FCF               	goto	l672
   986                           	
   987  07CF                     l671:	
   988                           	line	65
   989                           	
   990  07CF                     l672:	
   991  07CF  0008               	return
   992                           	opt stack 0
   993                           GLOBAL	__end_of_BooleanFlagsControl
   994  07D0                     	__end_of_BooleanFlagsControl:
   995 ;; =============== function _BooleanFlagsControl ends ============
   996                           
   997                           	signat	_BooleanFlagsControl,88
   998                           psect	text124,local,class=CODE,delta=2
   999                           global __ptext124
  1000  0000                     __ptext124:
  1001                           	global	btemp
  1002  007E                     	btemp set 07Eh
  1003                           
  1004                           	DABS	1,126,2	;btemp
  1005                           	global	wtemp0
  1006  007E                     	wtemp0 set btemp


HI-TECH Software PICC Macro Assembler V9.82 build 9453 
Symbol Table                                                                                   Sun Nov 12 17:06:25 2017

                          _RD 0C60                            u10 07A9                            u11 07A8  
                          u20 07BB                            u21 07BA                            u30 07C7  
                          u31 07C6                            u40 0748                            u41 0747  
                          u50 074E                            u51 074D                            _WR 0C61  
                         l660 0771                           l661 0773                           l670 07CC  
                         l662 0779                           l671 07CF                           l663 0779  
                         l672 07CF                           l681 0733                           l666 07B0  
                         l682 0733                           l690 07A2                           l667 07B7  
                         l659 0773                           l675 07E7                           l668 07C0  
                         l676 07FC                           l669 07C3                           l693 0753  
                         l685 07A2                           l677 07FD                           l694 0750  
                         l686 0782                           l678 07FD                           l695 0752  
                         l687 0782                           l696 0753                           l688 0788  
                         l689 07A1                           _GIE 005F                          l1711 07B4  
                        l1703 07A3                          l1721 07C7                          l1713 07B7  
                        l1705 07A9                          l2601 072D                          l1723 07CC  
                        l1715 07BB                          l1707 07AB                          l2611 0798  
                        l2603 077A                          l1717 07C0                          l1709 07B0  
                        l1725 0742                          l2613 079D                          l2605 0781  
                        l2621 07E7                          l1719 07C3                          l1727 0748  
                        l2607 0789                          l2623 07EC                          l2615 07D0  
                        l1729 074E                          l2609 0796                          l2625 07F1  
                        l2617 07DC                          l2627 07F6                          l2619 07DF  
                        l2591 075A                          l2593 0760                          l2595 076D  
                        l2597 0777                          l2589 0754                          l2599 0727  
                        u2300 072D                          u2301 072C                          u2310 0780  
                        u2311 077F                          u2320 0788                          u2321 0787  
                        u2330 0796                          u2331 0795                          u2270 075A  
                        u2271 0759                          u2280 0760                          u2281 075F  
                        u2290 0777                          u2291 0776                          u2347 0766  
                        _WREN 0C62                          _main 07D0                          btemp 007E  
                        start 0000               __end_of_Param11 07A3               __end_of_Param21 0754  
              _Param11isAlive 0072                         ?_main 007A                         _EEADR 010D  
                       _CARRY 0018                         _T1CON 0010                         _PORTA 0005  
                       _PORTB 0006                         _TRISA 0085                         _TRISB 0086  
                       _Count 0070                 _Param6isAlive 0074                         status 0003  
                       wtemp0 007E                  __end_of_main 0800                    _ButtonOnOF 0754  
                      ??_main 007D                        _ADCON1 009F                        _EEDATA 010C  
                      _EECON1 018C                        _EECON2 018D                        _TMR1IF 0060  
                   ??_Param11 007D                     ??_Param21 007A                        _Param6 0727  
__size_of_BooleanFlagsControl 002D                __pcstackCOMMON 007A                   ?_ButtonOnOF 007A  
                     ?_Param6 007A                    __pmaintext 07D0           __size_of_ButtonOnOF 0026  
                     _Param11 077A                       _Param21 0742               __size_of_Param6 000D  
        end_of_initialization 073E           _BooleanFlagsControl 07A3                     _PORTAbits 0005  
                   _PORTBbits 0006          ?_BooleanFlagsControl 007A                __end_of_Param6 0734  
                ??_ButtonOnOF 007A         ??_BooleanFlagsControl 007A           start_initialization 0734  
          __end_of_ButtonOnOF 077A                      ??_Param6 007D                     _TimerMode 0078  
                 __pbssCOMMON 0070                      ?_Param11 007A                      ?_Param21 007A  
                   __ptext120 0727                     __ptext121 0754                     __ptext122 0742  
                   __ptext123 07A3                     __ptext124 0000                     __ptext118 0000  
                   __ptext119 077A              __size_of_Param11 0029              __size_of_Param21 0012  
              _RelayPowerMode 0076                 __size_of_main 0030   __end_of_BooleanFlagsControl 07D0  
