HI-TECH Software C Compiler 

Linker command line:

--edf=C:\Program Files (x86)\HI-TECH Software\PICC\9.82\dat\en_msgs.txt -cs \
  -h+Example.sym -z -Q16F877 -ol.obj -MExample.map -E1 -ACONST=00h-0FFhx32 \
  -ACODE=00h-07FFhx4 -ASTRCODE=00h-01FFFh -AENTRY=00h-0FFhx32 \
  -ASTRING=00h-0FFhx32 -ABANK0=020h-06Fh -ABANK1=0A0h-0EFh \
  -ABANK2=0110h-016Fh -ABANK3=0190h-01EFh \
  -ARAM=020h-06Fh,0A0h-0EFh,0110h-016Fh,0190h-01EFh \
  -AABS1=020h-07Fh,0A0h-0EFh,0110h-016Fh,0190h-01EFh -ACOMMON=070h-07Fh \
  -ASFR0=00h-01Fh -ASFR1=080h-09Fh -ASFR2=0100h-010Fh -ASFR3=0180h-018Fh \
  -preset_vec=00h,intentry,init,end_init -ppowerup=CODE -pfunctab=CODE \
  -ACONFIG=02007h-02007h -pconfig=CONFIG -DCONFIG=2 -AIDLOC=02000h-02003h \
  -pidloc=IDLOC -DIDLOC=2 -AEEDATA=00h-0FFh/02100h -peeprom_data=EEDATA \
  -DEEDATA=2 -DCODE=2 -DSTRCODE=2 -DSTRING=2 -DCONST=2 -DENTRY=2 -k \
  startup.obj Example.obj 

Object code version is 3.10

Machine type is 16F877



                Name                               Link     Load   Length Selector   Space Scale
startup.obj     end_init                              0        0        3        0       0
Example.obj     text123                             7A3      7A3       2D      F46       0
                text122                             742      742       12      E84       0
                text121                             754      754       26      EA8       0
                text120                             727      727        D      E4E       0
                text119                             77A      77A       29      EF4       0
                maintext                            7D0      7D0       30      FA0       0
                cstackCOMMON                         7A       7A        3       70       1
                bssCOMMON                            70       70        A       70       1
                cinit                               734      734        E      E68       0

TOTAL           Name                               Link     Load   Length     Space
        CLASS   CONST          

        CLASS   CODE           
                end_init                              0        0        3         0
                text123                             7A3      7A3       2D         0
                text122                             742      742       12         0
                text121                             754      754       26         0
                text120                             727      727        D         0
                text119                             77A      77A       29         0
                maintext                            7D0      7D0       30         0
                cinit                               734      734        E         0

        CLASS   STRCODE        

        CLASS   ENTRY          

        CLASS   STRING         

        CLASS   BANK0          

        CLASS   BANK1          

        CLASS   BANK2          

        CLASS   BANK3          

        CLASS   RAM            

        CLASS   ABS1           
                abs_s1                               7E       7E        2         1

        CLASS   COMMON         
                cstackCOMMON                         7A       7A        3         1
                bssCOMMON                            70       70        A         1

        CLASS   SFR0           

        CLASS   SFR1           

        CLASS   SFR2           

        CLASS   SFR3           

        CLASS   CONFIG         

        CLASS   IDLOC          

        CLASS   EEDATA         



SEGMENTS        Name                           Load    Length   Top    Selector   Space  Class     Delta

                reset_vec                      000000  000003  000003         0       0  CODE        2
                bssCOMMON                      000070  00000D  00007D        70       1  COMMON      1
                text120                        000727  00000D  000734       E4E       0  CODE        2
                cinit                          000734  00000E  000742       E68       0  CODE        2
                text122                        000742  000012  000754       E84       0  CODE        2
                text121                        000754  000026  00077A       EA8       0  CODE        2
                text119                        00077A  000029  0007A3       EF4       0  CODE        2
                text123                        0007A3  00002D  0007D0       F46       0  CODE        2
                maintext                       0007D0  000030  000800       FA0       0  CODE        2


UNUSED ADDRESS RANGES

        Name                Unused          Largest block    Delta
        BANK0            0020-006F             50           1
        BANK1            00A0-00EF             50           1
        BANK2            0110-016F             60           1
        BANK3            0190-01EF             60           1
        CODE             0003-0726            724           2
                         0800-1FFF            800
        COMMON           007D-007D              1           1
        CONFIG           2007-2007              1           2
        CONST            0003-0726            100           2
                         0800-1FFF            100
        EEDATA           2100-21FF            100           2
        ENTRY            0003-0726            100           2
                         0800-1FFF            100
        IDLOC            2000-2003              4           2
        RAM              0020-006F             50           1
                         00A0-00EF             50
                         0110-016F             60
                         0190-01EF             60
        SFR0             0000-001F             20           1
        SFR1             0080-009F             20           1
        SFR2             0100-010F             10           1
        SFR3             0180-018F             10           1
        STRCODE          0003-0726            724           2
                         0800-1FFF           1800
        STRING           0003-0726            100           2
                         0800-1FFF            100

                                  Symbol Table

??_BooleanFlagsControl        cstackCOMMON 007A
??_ButtonOnOF                 cstackCOMMON 007A
??_Param11                    cstackCOMMON 007D
??_Param21                    cstackCOMMON 007A
??_Param6                     cstackCOMMON 007D
??_main                       cstackCOMMON 007D
?_BooleanFlagsControl         cstackCOMMON 007A
?_ButtonOnOF                  cstackCOMMON 007A
?_Param11                     cstackCOMMON 007A
?_Param21                     cstackCOMMON 007A
?_Param6                      cstackCOMMON 007A
?_main                        cstackCOMMON 007A
_ADCON1                       (abs)        009F
_BooleanFlagsControl          text123      07A3
_ButtonOnOF                   text121      0754
_CARRY                        (abs)        0018
_Count                        bssCOMMON    0070
_EEADR                        (abs)        010D
_EECON1                       (abs)        018C
_EECON2                       (abs)        018D
_EEDATA                       (abs)        010C
_GIE                          (abs)        005F
_PORTA                        (abs)        0005
_PORTAbits                    (abs)        0005
_PORTB                        (abs)        0006
_PORTBbits                    (abs)        0006
_Param11                      text119      077A
_Param11isAlive               bssCOMMON    0072
_Param21                      text122      0742
_Param6                       text120      0727
_Param6isAlive                bssCOMMON    0074
_RD                           (abs)        0C60
_RelayPowerMode               bssCOMMON    0076
_T1CON                        (abs)        0010
_TMR1IF                       (abs)        0060
_TRISA                        (abs)        0085
_TRISB                        (abs)        0086
_TimerMode                    bssCOMMON    0078
_WR                           (abs)        0C61
_WREN                         (abs)        0C62
__Habs1                       abs1         0000
__Hbank0                      bank0        0000
__Hbank1                      bank1        0000
__Hbank2                      bank2        0000
__Hbank3                      bank3        0000
__HbssCOMMON                  bssCOMMON    0000
__Hcinit                      cinit        0000
__Hclrtext                    clrtext      0000
__Hcode                       code         0000
__Hcommon                     common       0000
__Hconfig                     config       0000
__HcstackCOMMON               cstackCOMMON 0000
__Heeprom_data                eeprom_data  0000
__Hend_init                   end_init     0003
__Hfunctab                    functab      0000
__Hidloc                      idloc        0000
__Hinit                       init         0000
__Hintentry                   intentry     0000
__Hmaintext                   maintext     0000
__Hpowerup                    powerup      0000
__Hram                        ram          0000
__Hreset_vec                  reset_vec    0000
__Hsfr0                       sfr0         0000
__Hsfr1                       sfr1         0000
__Hsfr2                       sfr2         0000
__Hsfr3                       sfr3         0000
__Hstrings                    strings      0000
__Htext                       text         0000
__Labs1                       abs1         0000
__Lbank0                      bank0        0000
__Lbank1                      bank1        0000
__Lbank2                      bank2        0000
__Lbank3                      bank3        0000
__LbssCOMMON                  bssCOMMON    0000
__Lcinit                      cinit        0000
__Lclrtext                    clrtext      0000
__Lcode                       code         0000
__Lcommon                     common       0000
__Lconfig                     config       0000
__LcstackCOMMON               cstackCOMMON 0000
__Leeprom_data                eeprom_data  0000
__Lend_init                   end_init     0000
__Lfunctab                    functab      0000
__Lidloc                      idloc        0000
__Linit                       init         0000
__Lintentry                   intentry     0000
__Lmaintext                   maintext     0000
__Lpowerup                    powerup      0000
__Lram                        ram          0000
__Lreset_vec                  reset_vec    0000
__Lsfr0                       sfr0         0000
__Lsfr1                       sfr1         0000
__Lsfr2                       sfr2         0000
__Lsfr3                       sfr3         0000
__Lstrings                    strings      0000
__Ltext                       text         0000
__S0                          (abs)        0800
__S1                          (abs)        007D
__S2                          (abs)        0000
__end_of_BooleanFlagsControl  text123      07D0
__end_of_ButtonOnOF           text121      077A
__end_of_Param11              text119      07A3
__end_of_Param21              text122      0754
__end_of_Param6               text120      0734
__end_of_main                 maintext     0800
__pbssCOMMON                  bssCOMMON    0070
__pcstackCOMMON               cstackCOMMON 007A
__pmaintext                   maintext     07D0
__ptext118                    text118      0000
__ptext119                    text119      077A
__ptext120                    text120      0727
__ptext121                    text121      0754
__ptext122                    text122      0742
__ptext123                    text123      07A3
__ptext124                    text124      0000
__size_of_BooleanFlagsControl (abs)        0000
__size_of_ButtonOnOF          (abs)        0000
__size_of_Param11             (abs)        0000
__size_of_Param21             (abs)        0000
__size_of_Param6              (abs)        0000
__size_of_main                (abs)        0000
_exit                         init         0000
_main                         maintext     07D0
btemp                         (abs)        007E
end_of_initialization         cinit        073E
intlevel0                     functab      0000
intlevel1                     functab      0000
intlevel2                     functab      0000
intlevel3                     functab      0000
intlevel4                     functab      0000
intlevel5                     functab      0000
reset_vec                     reset_vec    0000
start                         init         0000
start_initialization          cinit        0734
wtemp0                        (abs)        007E
